# rig_trace started 2026-05-12T15:20:26.945
[rig_trace] start 2026-05-12T15:20:26.945  cc=COM8 xpb=- udp=8888
[+      1.6 ms] [NET] <listening on :8888>
[+      2.6 ms] [CC ] <opened COM8 @ 9600>
[+    205.1 ms] [CC ] XPB stale (mask expired)
[+    205.2 ms] [CC ] STATE -> E-STOP
[+    205.2 ms] [CC ] E-STOP: XPB stale (mask expired)
[+    205.2 ms] [CC ] STATE -> E-STOP
[+    205.2 ms] [CC ] E-STOP: XPB stale (mask expired)
[+    205.2 ms] [CC ] STATE -> E-STOP
[+    205.2 ms] [CC ] E-STOP: XPB stale (mask expired)
[+    205.2 ms] [CC ] STATE -> E-STOP
[+    205.2 ms] [CC ] E-STOP: XPB stale (mask expired)
[+    205.2 ms] [CC ] STATE -> E-STOP
[+    412.6 ms] [CC ] E-STOP: XPB stale (mask expired)
[+    412.6 ms] [CC ] STATE -> E-STOP
[+    412.6 ms] [CC ] E-STOP: XPB stale (mask expired)
[+    412.6 ms] [CC ] STATE -> E-STOP
[+    412.6 ms] [CC ] E-STOP: XPB stale (mask expired)
[+    412.6 ms] [CC ] STATE -> E-STOP
[+    412.6 ms] [CC ] E-STOP: XPB stale (mask expired)
[+    412.6 ms] [CC ] STATE -> E-STOP
[+    412.7 ms] [CC ] E-STOP: XPB stale (mask expired)
[+    412.7 ms] [CC ] STATE -> E-STOP
[+    613.9 ms] [CC ] E-STOP: XPB stale (mask expired)
[+    614.0 ms] [CC ] STATE -> E-STOP
[+    614.0 ms] [CC ] E-STOP: XPB stale (mask expired)
[+    614.0 ms] [CC ] STATE -> E-STOP
[+    614.0 ms] [CC ] E-STOP: XPB stale (mask expired)
[+    614.0 ms] [CC ] STATE -> E-STOP
[+    614.0 ms] [CC ] E-STOP: XPB stale (mask expired)
[+    614.0 ms] [CC ] STATE -> E-STOP
[+    614.0 ms] [CC ] E-STOP: XPB stale (mask expired)
[+    614.0 ms] [CC ] STATE -> E-STOP
[+    814.6 ms] [CC ] E-STOP: XPB stale (mask expired)
[+    814.6 ms] [CC ] STATE -> E-STOP
[+    814.6 ms] [CC ] E-STOP: XPB stale (mask expired)
[+    814.6 ms] [CC ] STATE -> E-STOP
[+    814.6 ms] [CC ] E-STOP: XPB stale (mask expired)
[+    814.6 ms] [CC ] STATE -> E-STOP
[+    814.6 ms] [CC ] E-STOP: XPB stale (mask expired)
[+    814.6 ms] [CC ] STATE -> E-STOP
[+    814.7 ms] [CC ] E-STOP: XPB stale (mask expired)
[+    814.7 ms] [CC ] STATE -> E-STOP
[+   1018.5 ms] [CC ] E-STOP: XPB stale (mask expired)
[+   1018.5 ms] [CC ] STATE -> E-STOP
[+   1018.5 ms] [CC ] E-STOP: XPB stale (mask expired)
[+   1018.5 ms] [CC ] STATE -> E-STOP
[+   1018.5 ms] [CC ] E-STOP: XPB stale (mask expired)
[+   1018.5 ms] [CC ] STATE -> E-STOP
[+   1018.5 ms] [CC ] E-STOP: XPB stale (mask expired)
[+   1018.5 ms] [CC ] STATE -> E-STOP
[+   1018.5 ms] [CC ] E-STOP: XPB stale (mask expired)
[+   1018.5 ms] [CC ] STATE -> E-STOP
[+   1220.7 ms] [CC ] E-STOP: XPB stale (mask expired)
[+   1220.7 ms] [CC ] STATE -> E-STOP
[+   1220.7 ms] [CC ] E-STOP: XPB stale (mask expired)
[+   1220.7 ms] [CC ] STATE -> E-STOP
[+   1220.7 ms] [CC ] E-STOP: XPB stale (mask expired)
[+   1220.7 ms] [CC ] STATE -> E-STOP
[+   1220.7 ms] [CC ] E-STOP: XPB stale (mask expired)
[+   1220.7 ms] [CC ] STATE -> E-STOP
[+   1220.7 ms] [CC ] E-STOP: XPB stale (mask expired)
[+   1220.7 ms] [CC ] STATE -> E-STOP
[+   1422.9 ms] [CC ] E-STOP: XPB stale (mask expired)
[+   1423.0 ms] [CC ] STATE -> E-STOP
[+   1423.0 ms] [CC ] E-STOP: XPB stale (mask expired)
[+   1423.0 ms] [CC ] STATE -> E-STOP
[+   1423.0 ms] [CC ] E-STOP: XPB stale (mask expired)
[+   1423.0 ms] [CC ] STATE -> E-STOP
[+   1423.0 ms] [CC ] E-STOP: XPB stale (mask expired)
[+   1423.0 ms] [CC ] STATE -> E-STOP
[+   1423.0 ms] [CC ] E-STOP: XPB stale (mask expired)
[+   1423.0 ms] [CC ] STATE -> E-STOP
[+   1625.0 ms] [CC ] E-STOP: XPB stale (mask expired)
[+   1625.0 ms] [CC ] STATE -> E-STOP
[+   1625.0 ms] [CC ] E-STOP: XPB stale (mask expired)
[+   1625.1 ms] [CC ] STATE -> E-STOP
[+   1625.1 ms] [CC ] E-STOP: XPB stale (mask expired)
[+   1625.1 ms] [CC ] STATE -> E-STOP
[+   1625.1 ms] [CC ] E-STOP: XPB stale (mask expired)
[+   1625.1 ms] [CC ] STATE -> E-STOP
[+   1625.1 ms] [CC ] E-STOP: XPB stale (mask expired)
[+   1625.1 ms] [CC ] STATE -> E-STOP
[+   1827.7 ms] [CC ] E-STOP: XPB stale (mask expired)
[+   1827.7 ms] [CC ] STATE -> E-STOP
[+   1827.7 ms] [CC ] E-STOP: XPB stale (mask expired)
[+   1827.7 ms] [CC ] STATE -> E-STOP
[+   1827.7 ms] [CC ] E-STOP: XPB stale (mask expired)
[+   1827.7 ms] [CC ] STATE -> E-STOP
[+   1827.7 ms] [CC ] E-STOP: XPB stale (mask expired)
[+   1827.7 ms] [CC ] STATE -> E-STOP
[+   1827.8 ms] [CC ] E-STOP: XPB stale (mask expired)
[+   1827.8 ms] [CC ] STATE -> E-STOP
[+   2029.8 ms] [CC ] E-STOP: XPB stale (mask expired)
[+   2029.8 ms] [CC ] STATE -> E-STOP
[+   2029.8 ms] [CC ] E-STOP: XPB stale (mask expired)
[+   2029.9 ms] [CC ] STATE -> E-STOP
[+   2029.9 ms] [CC ] E-STOP: XPB stale (mask expired)
[+   2029.9 ms] [CC ] STATE -> E-STOP
[+   2029.9 ms] [CC ] E-STOP: XPB stale (mask expired)
[+   2029.9 ms] [CC ] STATE -> E-STOP
[+   2029.9 ms] [CC ] E-STOP: XPB stale (mask expired)
[+   2029.9 ms] [CC ] STATE -> E-STOP
[+   2231.7 ms] [CC ] E-STOP: XPB stale (mask expired)
[+   2231.7 ms] [CC ] STATE -> E-STOP
[+   2231.7 ms] [CC ] E-STOP: XPB stale (mask expired)
[+   2231.7 ms] [CC ] STATE -> E-STOP
[+   2231.7 ms] [CC ] E-STOP: XPB stale (mask expired)
[+   2231.7 ms] [CC ] STATE -> E-STOP
[+   2231.7 ms] [CC ] E-STOP: XPB stale (mask expired)
[+   2231.7 ms] [CC ] STATE -> E-STOP
[+   2231.7 ms] [CC ] E-STOP: XPB stale (mask expired)
[+   2231.7 ms] [CC ] STATE -> E-STOP
[+   2434.2 ms] [CC ] E-STOP: XPB stale (mask expired)
[+   2434.3 ms] [CC ] STATE -> E-STOP
[+   2434.3 ms] [CC ] E-STOP: XPB stale (mask expired)
[+   2434.3 ms] [CC ] STATE -> E-STOP
[+   2434.3 ms] [CC ] E-STOP: XPB stale (mask expired)
[+   2434.3 ms] [CC ] STATE -> E-STOP
[+   2434.3 ms] [CC ] E-STOP: XPB stale (mask expired)
[+   2434.3 ms] [CC ] STATE -> E-STOP
[+   2434.3 ms] [CC ] E-STOP: XPB stale (mask expired)
[+   2434.3 ms] [CC ] STATE -> E-STOP
[+   2636.6 ms] [CC ] E-STOP: XPB stale (mask expired)
[+   2636.6 ms] [CC ] STATE -> E-STOP
[+   2636.6 ms] [CC ] E-STOP: XPB stale (mask expired)
[+   2636.6 ms] [CC ] STATE -> E-STOP
[+   2636.6 ms] [CC ] E-STOP: XPB stale (mask expired)
[+   2636.6 ms] [CC ] STATE -> E-STOP
[+   2636.6 ms] [CC ] E-STOP: XPB stale (mask expired)
[+   2636.7 ms] [CC ] STATE -> E-STOP
[+   2636.7 ms] [CC ] E-STOP: XPB stale (mask expired)
[+   2636.7 ms] [CC ] STATE -> E-STOP
[+   2838.2 ms] [CC ] E-STOP: XPB stale (mask expired)
[+   2838.3 ms] [CC ] STATE -> E-STOP
[+   2838.3 ms] [CC ] E-STOP: XPB stale (mask expired)
[+   2838.3 ms] [CC ] STATE -> E-STOP
[+   2838.3 ms] [CC ] E-STOP: XPB stale (mask expired)
[+   2838.3 ms] [CC ] STATE -> E-STOP
[+   2838.3 ms] [CC ] E-STOP: XPB stale (mask expired)
[+   2838.3 ms] [CC ] STATE -> E-STOP
[+   2838.3 ms] [CC ] E-STOP: XPB stale (mask expired)
[+   2838.3 ms] [CC ] STATE -> E-STOP
[+   3040.4 ms] [CC ] E-STOP: XPB stale (mask expired)
[+   3040.4 ms] [CC ] STATE -> E-STOP
[+   3040.4 ms] [CC ] E-STOP: XPB stale (mask expired)
[+   3040.4 ms] [CC ] STATE -> E-STOP
[+   3040.4 ms] [CC ] E-STOP: XPB stale (mask expired)
[+   3040.4 ms] [CC ] STATE -> E-STOP
[+   3040.4 ms] [CC ] E-STOP: XPB stale (mask expired)
[+   3040.4 ms] [CC ] STATE -> E-STOP
[+   3040.4 ms] [CC ] E-STOP: XPB stale (mask expired)
[+   3040.5 ms] [CC ] STATE -> E-STOP
[+   3242.8 ms] [CC ] E-STOP: XPB stale (mask expired)
[+   3242.8 ms] [CC ] STATE -> E-STOP
[+   3242.9 ms] [CC ] E-STOP: XPB stale (mask expired)
[+   3242.9 ms] [CC ] STATE -> E-STOP
[+   3242.9 ms] [CC ] E-STOP: XPB stale (mask expired)
[+   3242.9 ms] [CC ] STATE -> E-STOP
[+   3242.9 ms] [CC ] E-STOP: XPB stale (mask expired)
[+   3242.9 ms] [CC ] STATE -> E-STOP
[+   3242.9 ms] [CC ] E-STOP: XPB stale (mask expired)
[+   3242.9 ms] [CC ] STATE -> E-STOP
[+   3445.5 ms] [CC ] E-STOP: XPB stale (mask expired)
[+   3445.6 ms] [CC ] STATE -> E-STOP
[+   3445.6 ms] [CC ] E-STOP: XPB stale (mask expired)
[+   3445.6 ms] [CC ] STATE -> E-STOP
[+   3445.6 ms] [CC ] E-STOP: XPB stale (mask expired)
[+   3445.6 ms] [CC ] STATE -> E-STOP
[+   3445.6 ms] [CC ] E-STOP: XPB stale (mask expired)
[+   3445.6 ms] [CC ] STATE -> E-STOP
[+   3445.6 ms] [CC ] E-STOP: XPB stale (mask expired)
[+   3445.6 ms] [CC ] STATE -> E-STOP
[+   3647.9 ms] [CC ] E-STOP: XPB stale (mask expired)
[+   3647.9 ms] [CC ] STATE -> E-STOP
[+   3647.9 ms] [CC ] E-STOP: XPB stale (mask expired)
[+   3647.9 ms] [CC ] STATE -> E-STOP
[+   3648.0 ms] [CC ] E-STOP: XPB stale (mask expired)
[+   3648.0 ms] [CC ] STATE -> E-STOP
[+   3648.0 ms] [CC ] E-STOP: XPB stale (mask expired)
[+   3648.0 ms] [CC ] STATE -> E-STOP
[+   3648.0 ms] [CC ] E-STOP: XPB stale (mask expired)
[+   3648.0 ms] [CC ] STATE -> E-STOP
[+   3849.5 ms] [CC ] E-STOP: XPB stale (mask expired)
[+   3849.5 ms] [CC ] STATE -> E-STOP
[+   3849.5 ms] [CC ] E-STOP: XPB stale (mask expired)
[+   3849.5 ms] [CC ] STATE -> E-STOP
[+   3849.5 ms] [CC ] E-STOP: XPB stale (mask expired)
[+   3849.5 ms] [CC ] STATE -> E-STOP
[+   3849.5 ms] [CC ] E-STOP: XPB stale (mask expired)
[+   3849.5 ms] [CC ] STATE -> E-STOP
[+   3849.5 ms] [CC ] E-STOP: XPB stale (mask expired)
[+   3849.5 ms] [CC ] STATE -> E-STOP
[+   4060.2 ms] [CC ] E-STOP: XPB stale (mask expired)
[+   4060.3 ms] [CC ] STATE -> E-STOP
[+   4060.3 ms] [CC ] E-STOP: XPB stale (mask expired)
[+   4060.3 ms] [CC ] STATE -> E-STOP
[+   4060.3 ms] [CC ] E-STOP: XPB stale (mask expired)
[+   4060.3 ms] [CC ] STATE -> E-STOP
[+   4060.3 ms] [CC ] E-STOP: XPB stale (mask expired)
[+   4060.3 ms] [CC ] STATE -> E-STOP
[+   4060.3 ms] [CC ] E-STOP: XPB stale (mask expired)
[+   4060.3 ms] [CC ] STATE -> E-STOP
[+   4264.0 ms] [CC ] E-STOP: XPB stale (mask expired)
[+   4264.0 ms] [CC ] STATE -> E-STOP
[+   4264.0 ms] [CC ] E-STOP: XPB stale (mask expired)
[+   4264.0 ms] [CC ] STATE -> E-STOP
[+   4264.0 ms] [CC ] E-STOP: XPB stale (mask expired)
[+   4264.0 ms] [CC ] STATE -> E-STOP
[+   4264.0 ms] [CC ] E-STOP: XPB stale (mask expired)
[+   4264.0 ms] [CC ] STATE -> E-STOP
[+   4264.0 ms] [CC ] E-STOP: XPB stale (mask expired)
[+   4264.0 ms] [CC ] STATE -> E-STOP
[+   4464.6 ms] [CC ] E-STOP: XPB stale (mask expired)
[+   4464.6 ms] [CC ] STATE -> E-STOP
[+   4464.6 ms] [CC ] E-STOP: XPB stale (mask expired)
[+   4464.6 ms] [CC ] STATE -> E-STOP
[+   4464.6 ms] [CC ] E-STOP: XPB stale (mask expired)
[+   4464.6 ms] [CC ] STATE -> E-STOP
[+   4464.6 ms] [CC ] E-STOP: XPB stale (mask expired)
[+   4464.6 ms] [CC ] STATE -> E-STOP
[+   4464.6 ms] [CC ] E-STOP: XPB stale (mask expired)
[+   4464.6 ms] [CC ] STATE -> E-STOP
[+   4665.1 ms] [CC ] E-STOP: XPB stale (mask expired)
[+   4665.1 ms] [CC ] STATE -> E-STOP
[+   4665.1 ms] [CC ] E-STOP: XPB stale (mask expired)
[+   4665.1 ms] [CC ] STATE -> E-STOP
[+   4665.1 ms] [CC ] E-STOP: XPB stale (mask expired)
[+   4665.1 ms] [CC ] STATE -> E-STOP
[+   4665.1 ms] [CC ] E-STOP: XPB stale (mask expired)
[+   4665.1 ms] [CC ] STATE -> E-STOP
[+   4665.1 ms] [CC ] E-STOP: XPB stale (mask expired)
[+   4665.1 ms] [CC ] STATE -> E-STOP
[+   4870.1 ms] [CC ] E-STOP: XPB stale (mask expired)
[+   4870.1 ms] [CC ] STATE -> E-STOP
[+   4870.1 ms] [CC ] E-STOP: XPB stale (mask expired)
[+   4870.1 ms] [CC ] STATE -> E-STOP
[+   4870.1 ms] [CC ] E-STOP: XPB stale (mask expired)
[+   4870.1 ms] [CC ] STATE -> E-STOP
[+   4870.1 ms] [CC ] E-STOP: XPB stale (mask expired)
[+   4870.1 ms] [CC ] STATE -> E-STOP
[+   4870.2 ms] [CC ] E-STOP: XPB stale (mask expired)
[+   4870.2 ms] [CC ] STATE -> E-STOP
[+   5072.3 ms] [CC ] E-STOP: XPB stale (mask expired)
[+   5072.3 ms] [CC ] STATE -> E-STOP
[+   5072.3 ms] [CC ] E-STOP: XPB stale (mask expired)
[+   5072.3 ms] [CC ] STATE -> E-STOP
[+   5072.3 ms] [CC ] E-STOP: XPB stale (mask expired)
[+   5072.3 ms] [CC ] STATE -> E-STOP
[+   5072.3 ms] [CC ] E-STOP: XPB stale (mask expired)
[+   5072.3 ms] [CC ] STATE -> E-STOP
[+   5072.3 ms] [CC ] E-STOP: XPB stale (mask expired)
[+   5072.3 ms] [CC ] STATE -> E-STOP
[+   5274.5 ms] [CC ] E-STOP: XPB stale (mask expired)
[+   5274.5 ms] [CC ] STATE -> E-STOP
[+   5274.5 ms] [CC ] E-STOP: XPB stale (mask expired)
[+   5274.5 ms] [CC ] STATE -> E-STOP
[+   5274.5 ms] [CC ] E-STOP: XPB stale (mask expired)
[+   5274.5 ms] [CC ] STATE -> E-STOP
[+   5274.5 ms] [CC ] E-STOP: XPB stale (mask expired)
[+   5274.5 ms] [CC ] STATE -> E-STOP
[+   5274.5 ms] [CC ] E-STOP: XPB stale (mask expired)
[+   5274.5 ms] [CC ] STATE -> E-STOP
[+   5477.1 ms] [CC ] E-STOP: XPB stale (mask expired)
[+   5477.1 ms] [CC ] STATE -> E-STOP
[+   5477.1 ms] [CC ] E-STOP: XPB stale (mask expired)
[+   5477.1 ms] [CC ] STATE -> E-STOP
[+   5477.1 ms] [CC ] E-STOP: XPB stale (mask expired)
[+   5477.1 ms] [CC ] STATE -> E-STOP
[+   5477.1 ms] [CC ] E-STOP: XPB stale (mask expired)
[+   5477.1 ms] [CC ] STATE -> E-STOP
[+   5477.1 ms] [CC ] E-STOP: XPB stale (mask expired)
[+   5477.2 ms] [CC ] STATE -> E-STOP
[+   5679.3 ms] [CC ] E-STOP: XPB stale (mask expired)
[+   5679.3 ms] [CC ] STATE -> E-STOP
[+   5679.3 ms] [CC ] E-STOP: XPB stale (mask expired)
[+   5679.3 ms] [CC ] STATE -> E-STOP
[+   5679.3 ms] [CC ] E-STOP: XPB stale (mask expired)
[+   5679.3 ms] [CC ] STATE -> E-STOP
[+   5679.3 ms] [CC ] E-STOP: XPB stale (mask expired)
[+   5679.3 ms] [CC ] STATE -> E-STOP
[+   5679.3 ms] [CC ] E-STOP: XPB stale (mask expired)
[+   5679.3 ms] [CC ] STATE -> E-STOP
[+   5881.3 ms] [CC ] E-STOP: XPB stale (mask expired)
[+   5881.3 ms] [CC ] STATE -> E-STOP
[+   5881.3 ms] [CC ] E-STOP: XPB stale (mask expired)
[+   5881.3 ms] [CC ] STATE -> E-STOP
[+   5881.3 ms] [CC ] E-STOP: XPB stale (mask expired)
[+   5881.3 ms] [CC ] STATE -> E-STOP
[+   5881.3 ms] [CC ] E-STOP: XPB stale (mask expired)
[+   5881.3 ms] [CC ] STATE -> E-STOP
[+   5881.3 ms] [CC ] E-STOP: XPB stale (mask expired)
[+   5881.4 ms] [CC ] STATE -> E-STOP
[+   6083.4 ms] [CC ] E-STOP: XPB stale (mask expired)
[+   6083.4 ms] [CC ] STATE -> E-STOP
[+   6083.5 ms] [CC ] E-STOP: XPB stale (mask expired)
[+   6083.5 ms] [CC ] STATE -> E-STOP
[+   6083.5 ms] [CC ] E-STOP: XPB stale (mask expired)
[+   6083.5 ms] [CC ] STATE -> E-STOP
[+   6083.5 ms] [CC ] E-STOP: XPB stale (mask expired)
[+   6083.5 ms] [CC ] STATE -> E-STOP
[+   6083.5 ms] [CC ] E-STOP: XPB stale (mask expired)
[+   6083.5 ms] [CC ] STATE -> E-STOP
[+   6286.0 ms] [CC ] E-STOP: XPB stale (mask expired)
[+   6286.1 ms] [CC ] STATE -> E-STOP
[+   6286.1 ms] [CC ] E-STOP: XPB stale (mask expired)
[+   6286.1 ms] [CC ] STATE -> E-STOP
[+   6286.1 ms] [CC ] E-STOP: XPB stale (mask expired)
[+   6286.1 ms] [CC ] STATE -> E-STOP
[+   6286.1 ms] [CC ] E-STOP: XPB stale (mask expired)
[+   6286.1 ms] [CC ] STATE -> E-STOP
[+   6286.1 ms] [CC ] E-STOP: XPB stale (mask expired)
[+   6286.1 ms] [CC ] STATE -> E-STOP
[+   6487.8 ms] [CC ] E-STOP: XPB stale (mask expired)
[+   6487.8 ms] [CC ] STATE -> E-STOP
[+   6487.8 ms] [CC ] E-STOP: XPB stale (mask expired)
[+   6487.9 ms] [CC ] STATE -> E-STOP
[+   6487.9 ms] [CC ] E-STOP: XPB stale (mask expired)
[+   6487.9 ms] [CC ] STATE -> E-STOP
[+   6487.9 ms] [CC ] E-STOP: XPB stale (mask expired)
[+   6487.9 ms] [CC ] STATE -> E-STOP
[+   6487.9 ms] [CC ] E-STOP: XPB stale (mask expired)
[+   6487.9 ms] [CC ] STATE -> E-STOP
[+   6689.8 ms] [CC ] E-STOP: XPB stale (mask expired)
[+   6689.8 ms] [CC ] STATE -> E-STOP
[+   6689.8 ms] [CC ] E-STOP: XPB stale (mask expired)
[+   6689.8 ms] [CC ] STATE -> E-STOP
[+   6689.8 ms] [CC ] E-STOP: XPB stale (mask expired)
[+   6689.8 ms] [CC ] STATE -> E-STOP
[+   6689.8 ms] [CC ] E-STOP: XPB stale (mask expired)
[+   6689.8 ms] [CC ] STATE -> E-STOP
[+   6689.8 ms] [CC ] E-STOP: XPB stale (mask expired)
[+   6689.8 ms] [CC ] STATE -> E-STOP
[+   6892.0 ms] [CC ] E-STOP: XPB stale (mask expired)
[+   6892.0 ms] [CC ] STATE -> E-STOP
[+   6892.0 ms] [CC ] E-STOP: XPB stale (mask expired)
[+   6892.0 ms] [CC ] STATE -> E-STOP
[+   6892.0 ms] [CC ] E-STOP: XPB stale (mask expired)
[+   6892.0 ms] [CC ] STATE -> E-STOP
[+   6892.0 ms] [CC ] E-STOP: XPB stale (mask expired)
[+   6892.0 ms] [CC ] STATE -> E-STOP
[+   6892.0 ms] [CC ] E-STOP: XPB stale (mask expired)
[+   6892.0 ms] [CC ] STATE -> E-STOP
[+   7095.0 ms] [CC ] E-STOP: XPB stale (mask expired)
[+   7095.0 ms] [CC ] STATE -> E-STOP
[+   7095.0 ms] [CC ] E-STOP: XPB stale (mask expired)
[+   7095.0 ms] [CC ] STATE -> E-STOP
[+   7095.0 ms] [CC ] E-STOP: XPB stale (mask expired)
[+   7095.0 ms] [CC ] STATE -> E-STOP
[+   7095.0 ms] [CC ] E-STOP: XPB stale (mask expired)
[+   7095.0 ms] [CC ] STATE -> E-STOP
[+   7095.0 ms] [CC ] E-STOP: XPB stale (mask expired)
[+   7095.0 ms] [CC ] STATE -> E-STOP
[+   7296.7 ms] [CC ] E-STOP: XPB stale (mask expired)
[+   7296.8 ms] [CC ] STATE -> E-STOP
[+   7296.8 ms] [CC ] E-STOP: XPB stale (mask expired)
[+   7296.8 ms] [CC ] STATE -> E-STOP
[+   7296.8 ms] [CC ] E-STOP: XPB stale (mask expired)
[+   7296.8 ms] [CC ] STATE -> E-STOP
[+   7296.8 ms] [CC ] E-STOP: XPB stale (mask expired)
[+   7296.8 ms] [CC ] STATE -> E-STOP
[+   7296.8 ms] [CC ] E-STOP: XPB stale (mask expired)
[+   7296.8 ms] [CC ] STATE -> E-STOP
[+   7497.3 ms] [CC ] E-STOP: XPB stale (mask expired)
[+   7497.4 ms] [CC ] STATE -> E-STOP
[+   7497.4 ms] [CC ] E-STOP: XPB stale (mask expired)
[+   7497.4 ms] [CC ] STATE -> E-STOP
[+   7497.4 ms] [CC ] E-STOP: XPB stale (mask expired)
[+   7497.4 ms] [CC ] STATE -> E-STOP
[+   7497.4 ms] [CC ] E-STOP: XPB stale (mask expired)
[+   7497.4 ms] [CC ] STATE -> E-STOP
[+   7497.4 ms] [CC ] E-STOP: XPB stale (mask expired)
[+   7497.4 ms] [CC ] STATE -> E-STOP
[+   7697.9 ms] [CC ] E-STOP: XPB stale (mask expired)
[+   7697.9 ms] [CC ] STATE -> E-STOP
[+   7697.9 ms] [CC ] E-STOP: XPB stale (mask expired)
[+   7697.9 ms] [CC ] STATE -> E-STOP
[+   7697.9 ms] [CC ] E-STOP: XPB stale (mask expired)
[+   7697.9 ms] [CC ] STATE -> E-STOP
[+   7697.9 ms] [CC ] E-STOP: XPB stale (mask expired)
[+   7697.9 ms] [CC ] STATE -> E-STOP
[+   7697.9 ms] [CC ] E-STOP: XPB stale (mask expired)
[+   7697.9 ms] [CC ] STATE -> E-STOP
[+   7903.3 ms] [CC ] E-STOP: XPB stale (mask expired)
[+   7903.3 ms] [CC ] STATE -> E-STOP
[+   7903.3 ms] [CC ] E-STOP: XPB stale (mask expired)
[+   7903.3 ms] [CC ] STATE -> E-STOP
[+   7903.3 ms] [CC ] E-STOP: XPB stale (mask expired)
[+   7903.3 ms] [CC ] STATE -> E-STOP
[+   7903.3 ms] [CC ] E-STOP: XPB stale (mask expired)
[+   7903.4 ms] [CC ] STATE -> E-STOP
[+   7903.4 ms] [CC ] E-STOP: XPB stale (mask expired)
[+   7903.4 ms] [CC ] STATE -> E-STOP
[+   8104.9 ms] [CC ] E-STOP: XPB stale (mask expired)
[+   8104.9 ms] [CC ] STATE -> E-STOP
[+   8104.9 ms] [CC ] E-STOP: XPB stale (mask expired)
[+   8104.9 ms] [CC ] STATE -> E-STOP
[+   8104.9 ms] [CC ] E-STOP: XPB stale (mask expired)
[+   8104.9 ms] [CC ] STATE -> E-STOP
[+   8104.9 ms] [CC ] E-STOP: XPB stale (mask expired)
[+   8104.9 ms] [CC ] STATE -> E-STOP
[+   8104.9 ms] [CC ] E-STOP: XPB stale (mask expired)
[+   8104.9 ms] [CC ] STATE -> E-STOP
[+   8307.3 ms] [CC ] E-STOP: XPB stale (mask expired)
[+   8307.4 ms] [CC ] STATE -> E-STOP
[+   8307.4 ms] [CC ] E-STOP: XPB stale (mask expired)
[+   8307.4 ms] [CC ] STATE -> E-STOP
[+   8307.4 ms] [CC ] E-STOP: XPB stale (mask expired)
[+   8307.4 ms] [CC ] STATE -> E-STOP
[+   8307.4 ms] [CC ] E-STOP: XPB stale (mask expired)
[+   8307.4 ms] [CC ] STATE -> E-STOP
[+   8307.4 ms] [CC ] E-STOP: XPB stale (mask expired)
[+   8307.4 ms] [CC ] STATE -> E-STOP
[+   8510.0 ms] [CC ] E-STOP: XPB stale (mask expired)
[+   8510.0 ms] [CC ] STATE -> E-STOP
[+   8510.0 ms] [CC ] E-STOP: XPB stale (mask expired)
[+   8510.0 ms] [CC ] STATE -> E-STOP
[+   8510.0 ms] [CC ] E-STOP: XPB stale (mask expired)
[+   8510.0 ms] [CC ] STATE -> E-STOP
[+   8510.0 ms] [CC ] E-STOP: XPB stale (mask expired)
[+   8510.0 ms] [CC ] STATE -> E-STOP
[+   8510.0 ms] [CC ] E-STOP: XPB stale (mask expired)
[+   8510.0 ms] [CC ] STATE -> E-STOP
[+   8711.9 ms] [CC ] E-STOP: XPB stale (mask expired)
[+   8711.9 ms] [CC ] STATE -> E-STOP
[+   8711.9 ms] [CC ] E-STOP: XPB stale (mask expired)
[+   8711.9 ms] [CC ] STATE -> E-STOP
[+   8711.9 ms] [CC ] E-STOP: XPB stale (mask expired)
[+   8711.9 ms] [CC ] STATE -> E-STOP
[+   8711.9 ms] [CC ] E-STOP: XPB stale (mask expired)
[+   8711.9 ms] [CC ] STATE -> E-STOP
[+   8711.9 ms] [CC ] E-STOP: XPB stale (mask expired)
[+   8711.9 ms] [CC ] STATE -> E-STOP
[+   8912.5 ms] [CC ] E-STOP: XPB stale (mask expired)
[+   8912.5 ms] [CC ] STATE -> E-STOP
[+   8912.5 ms] [CC ] E-STOP: XPB stale (mask expired)
[+   8912.5 ms] [CC ] STATE -> E-STOP
[+   8912.5 ms] [CC ] E-STOP: XPB stale (mask expired)
[+   8912.5 ms] [CC ] STATE -> E-STOP
[+   8912.5 ms] [CC ] E-STOP: XPB stale (mask expired)
[+   8912.5 ms] [CC ] STATE -> E-STOP
[+   8912.5 ms] [CC ] E-STOP: XPB stale (mask expired)
[+   8912.5 ms] [CC ] STATE -> E-STOP
[+   9113.1 ms] [CC ] E-STOP: XPB stale (mask expired)
[+   9113.1 ms] [CC ] STATE -> E-STOP
[+   9113.1 ms] [CC ] E-STOP: XPB stale (mask expired)
[+   9113.1 ms] [CC ] STATE -> E-STOP
[+   9113.1 ms] [CC ] E-STOP: XPB stale (mask expired)
[+   9113.1 ms] [CC ] STATE -> E-STOP
[+   9113.1 ms] [CC ] E-STOP: XPB stale (mask expired)
[+   9113.1 ms] [CC ] STATE -> E-STOP
[+   9113.2 ms] [CC ] E-STOP: XPB stale (mask expired)
[+   9113.2 ms] [CC ] STATE -> E-STOP
[+   9318.3 ms] [CC ] E-STOP: XPB stale (mask expired)
[+   9318.3 ms] [CC ] STATE -> E-STOP
[+   9318.3 ms] [CC ] E-STOP: XPB stale (mask expired)
[+   9318.3 ms] [CC ] STATE -> E-STOP
[+   9318.3 ms] [CC ] E-STOP: XPB stale (mask expired)
[+   9318.3 ms] [CC ] STATE -> E-STOP
[+   9318.3 ms] [CC ] E-STOP: XPB stale (mask expired)
[+   9318.3 ms] [CC ] STATE -> E-STOP
[+   9318.3 ms] [CC ] E-STOP: XPB stale (mask expired)
[+   9318.3 ms] [CC ] STATE -> E-STOP
[+   9519.7 ms] [CC ] E-STOP: XPB stale (mask expired)
[+   9519.8 ms] [CC ] STATE -> E-STOP
[+   9519.8 ms] [CC ] E-STOP: XPB stale (mask expired)
[+   9519.8 ms] [CC ] STATE -> E-STOP
[+   9519.8 ms] [CC ] E-STOP: XPB stale (mask expired)
[+   9519.8 ms] [CC ] STATE -> E-STOP
[+   9519.8 ms] [CC ] E-STOP: XPB stale (mask expired)
[+   9519.9 ms] [CC ] STATE -> E-STOP
[+   9519.9 ms] [CC ] E-STOP: XPB stale (mask expired)
[+   9519.9 ms] [CC ] STATE -> E-STOP
[+   9722.9 ms] [CC ] E-STOP: XPB stale (mask expired)
[+   9722.9 ms] [CC ] STATE -> E-STOP
[+   9722.9 ms] [CC ] E-STOP: XPB stale (mask expired)
[+   9722.9 ms] [CC ] STATE -> E-STOP
[+   9722.9 ms] [CC ] E-STOP: XPB stale (mask expired)
[+   9722.9 ms] [CC ] STATE -> E-STOP
[+   9722.9 ms] [CC ] E-STOP: XPB stale (mask expired)
[+   9722.9 ms] [CC ] STATE -> E-STOP
[+   9722.9 ms] [CC ] E-STOP: XPB stale (mask expired)
[+   9722.9 ms] [CC ] STATE -> E-STOP
[+   9925.2 ms] [CC ] E-STOP: XPB stale (mask expired)
[+   9925.2 ms] [CC ] STATE -> E-STOP
[+   9925.2 ms] [CC ] E-STOP: XPB stale (mask expired)
[+   9925.2 ms] [CC ] STATE -> E-STOP
[+   9925.2 ms] [CC ] E-STOP: XPB stale (mask expired)
[+   9925.2 ms] [CC ] STATE -> E-STOP
[+   9925.2 ms] [CC ] E-STOP: XPB stale (mask expired)
[+   9925.2 ms] [CC ] STATE -> E-STOP
[+   9925.2 ms] [CC ] E-STOP: XPB stale (mask expired)
[+   9925.2 ms] [CC ] STATE -> E-STOP
[+  10127.2 ms] [CC ] E-STOP: XPB stale (mask expired)
[+  10127.2 ms] [CC ] STATE -> E-STOP
[+  10127.2 ms] [CC ] E-STOP: XPB stale (mask expired)
[+  10127.3 ms] [CC ] STATE -> E-STOP
[+  10127.3 ms] [CC ] E-STOP: XPB stale (mask expired)
[+  10127.3 ms] [CC ] STATE -> E-STOP
[+  10127.3 ms] [CC ] E-STOP: XPB stale (mask expired)
[+  10127.3 ms] [CC ] STATE -> E-STOP
[+  10127.3 ms] [CC ] E-STOP: XPB stale (mask expired)
[+  10127.3 ms] [CC ] STATE -> E-STOP
[+  10329.8 ms] [CC ] E-STOP: XPB stale (mask expired)
[+  10329.8 ms] [CC ] STATE -> E-STOP
[+  10329.8 ms] [CC ] E-STOP: XPB stale (mask expired)
[+  10329.8 ms] [CC ] STATE -> E-STOP
[+  10329.8 ms] [CC ] E-STOP: XPB stale (mask expired)
[+  10329.8 ms] [CC ] STATE -> E-STOP
[+  10329.8 ms] [CC ] E-STOP: XPB stale (mask expired)
[+  10329.8 ms] [CC ] STATE -> E-STOP
[+  10329.8 ms] [CC ] E-STOP: XPB stale (mask expired)
[+  10329.8 ms] [CC ] STATE -> E-STOP
[+  10531.6 ms] [CC ] E-STOP: XPB stale (mask expired)
[+  10531.6 ms] [CC ] STATE -> E-STOP
[+  10531.6 ms] [CC ] E-STOP: XPB stale (mask expired)
[+  10531.6 ms] [CC ] STATE -> E-STOP
[+  10531.6 ms] [CC ] E-STOP: XPB stale (mask expired)
[+  10531.6 ms] [CC ] STATE -> E-STOP
[+  10531.6 ms] [CC ] E-STOP: XPB stale (mask expired)
[+  10531.6 ms] [CC ] STATE -> E-STOP
[+  10531.6 ms] [CC ] E-STOP: XPB stale (mask expired)
[+  10531.6 ms] [CC ] STATE -> E-STOP
[+  10733.5 ms] [CC ] E-STOP: XPB stale (mask expired)
[+  10733.6 ms] [CC ] STATE -> E-STOP
[+  10733.6 ms] [CC ] E-STOP: XPB stale (mask expired)
[+  10733.6 ms] [CC ] STATE -> E-STOP
[+  10733.6 ms] [CC ] E-STOP: XPB stale (mask expired)
[+  10733.6 ms] [CC ] STATE -> E-STOP
[+  10733.6 ms] [CC ] E-STOP: XPB stale (mask expired)
[+  10733.6 ms] [CC ] STATE -> E-STOP
[+  10733.6 ms] [CC ] E-STOP: XPB stale (mask expired)
[+  10733.6 ms] [CC ] STATE -> E-STOP
[+  10936.5 ms] [CC ] E-STOP: XPB stale (mask expired)
[+  10936.6 ms] [CC ] STATE -> E-STOP
[+  10936.6 ms] [CC ] E-STOP: XPB stale (mask expired)
[+  10936.6 ms] [CC ] STATE -> E-STOP
[+  10936.6 ms] [CC ] E-STOP: XPB stale (mask expired)
[+  10936.6 ms] [CC ] STATE -> E-STOP
[+  10936.6 ms] [CC ] E-STOP: XPB stale (mask expired)
[+  10936.6 ms] [CC ] STATE -> E-STOP
[+  10936.6 ms] [CC ] E-STOP: XPB stale (mask expired)
[+  10936.6 ms] [CC ] STATE -> E-STOP
[+  11137.7 ms] [CC ] E-STOP: XPB stale (mask expired)
[+  11137.7 ms] [CC ] STATE -> E-STOP
[+  11137.7 ms] [CC ] E-STOP: XPB stale (mask expired)
[+  11137.7 ms] [CC ] STATE -> E-STOP
[+  11137.7 ms] [CC ] E-STOP: XPB stale (mask expired)
[+  11137.7 ms] [CC ] STATE -> E-STOP
[+  11137.7 ms] [CC ] E-STOP: XPB stale (mask expired)
[+  11137.7 ms] [CC ] STATE -> E-STOP
[+  11137.7 ms] [CC ] E-STOP: XPB stale (mask expired)
[+  11137.7 ms] [CC ] STATE -> E-STOP
[+  11341.1 ms] [CC ] E-STOP: XPB stale (mask expired)
[+  11341.2 ms] [CC ] STATE -> E-STOP
[+  11341.2 ms] [CC ] E-STOP: XPB stale (mask expired)
[+  11341.2 ms] [CC ] STATE -> E-STOP
[+  11341.2 ms] [CC ] E-STOP: XPB stale (mask expired)
[+  11341.2 ms] [CC ] STATE -> E-STOP
[+  11341.2 ms] [CC ] E-STOP: XPB stale (mask expired)
[+  11341.2 ms] [CC ] STATE -> E-STOP
[+  11341.2 ms] [CC ] E-STOP: XPB stale (mask expired)
[+  11341.2 ms] [CC ] STATE -> E-STOP
[+  11543.5 ms] [CC ] E-STOP: XPB stale (mask expired)
[+  11543.5 ms] [CC ] STATE -> E-STOP
[+  11543.5 ms] [CC ] E-STOP: XPB stale (mask expired)
[+  11543.5 ms] [CC ] STATE -> E-STOP
[+  11543.5 ms] [CC ] E-STOP: XPB stale (mask expired)
[+  11543.5 ms] [CC ] STATE -> E-STOP
[+  11543.5 ms] [CC ] E-STOP: XPB stale (mask expired)
[+  11543.5 ms] [CC ] STATE -> E-STOP
[+  11543.5 ms] [CC ] E-STOP: XPB stale (mask expired)
[+  11543.5 ms] [CC ] STATE -> E-STOP
[+  11745.7 ms] [CC ] E-STOP: XPB stale (mask expired)
[+  11745.7 ms] [CC ] STATE -> E-STOP
[+  11745.7 ms] [CC ] E-STOP: XPB stale (mask expired)
[+  11745.7 ms] [CC ] STATE -> E-STOP
[+  11745.7 ms] [CC ] E-STOP: XPB stale (mask expired)
[+  11745.7 ms] [CC ] STATE -> E-STOP
[+  11745.7 ms] [CC ] E-STOP: XPB stale (mask expired)
[+  11745.7 ms] [CC ] STATE -> E-STOP
[+  11745.7 ms] [CC ] E-STOP: XPB stale (mask expired)
[+  11745.7 ms] [CC ] STATE -> E-STOP
[+  11947.1 ms] [CC ] E-STOP: XPB stale (mask expired)
[+  11947.1 ms] [CC ] STATE -> E-STOP
[+  11947.1 ms] [CC ] E-STOP: XPB stale (mask expired)
[+  11947.1 ms] [CC ] STATE -> E-STOP
[+  11947.1 ms] [CC ] E-STOP: XPB stale (mask expired)
[+  11947.1 ms] [CC ] STATE -> E-STOP
[+  11947.1 ms] [CC ] E-STOP: XPB stale (mask expired)
[+  11947.1 ms] [CC ] STATE -> E-STOP
[+  11947.1 ms] [CC ] E-STOP: XPB stale (mask expired)
[+  11947.1 ms] [CC ] STATE -> E-STOP
[+  12149.2 ms] [CC ] E-STOP: XPB stale (mask expired)
[+  12149.2 ms] [CC ] STATE -> E-STOP
[+  12149.3 ms] [CC ] E-STOP: XPB stale (mask expired)
[+  12149.3 ms] [CC ] STATE -> E-STOP
[+  12149.3 ms] [CC ] E-STOP: XPB stale (mask expired)
[+  12149.3 ms] [CC ] STATE -> E-STOP
[+  12149.3 ms] [CC ] E-STOP: XPB stale (mask expired)
[+  12149.3 ms] [CC ] STATE -> E-STOP
[+  12149.3 ms] [CC ] E-STOP: XPB stale (mask expired)
[+  12149.3 ms] [CC ] STATE -> E-STOP
[+  12347.2 ms] [CC ] E-STOP: XPB stale (mask expired)
[+  12347.2 ms] [CC ] STATE -> E-STOP
[+  12347.2 ms] [CC ] E-STOP: XPB stale (mask expired)
[+  12347.2 ms] [CC ] STATE -> E-STOP
[+  12347.2 ms] [CC ] E-STOP: XPB stale (mask expired)
[+  12347.2 ms] [CC ] STATE -> E-STOP
[+  12347.2 ms] [CC ] E-STOP: XPB stale (mask expired)
[+  12347.2 ms] [CC ] STATE -> E-STOP
[+  12347.2 ms] [CC ] E-STOP: XPB stale (mask expired)
[+  12347.3 ms] [CC ] STATE -> E-STOP
[+  12553.2 ms] [CC ] E-STOP: XPB stale (mask expired)
[+  12553.2 ms] [CC ] STATE -> E-STOP
[+  12553.2 ms] [CC ] E-STOP: XPB stale (mask expired)
[+  12553.3 ms] [CC ] STATE -> E-STOP
[+  12553.3 ms] [CC ] E-STOP: XPB stale (mask expired)
[+  12553.3 ms] [CC ] STATE -> E-STOP
[+  12553.3 ms] [CC ] E-STOP: XPB stale (mask expired)
[+  12553.3 ms] [CC ] STATE -> E-STOP
[+  12553.3 ms] [CC ] E-STOP: XPB stale (mask expired)
[+  12553.3 ms] [CC ] STATE -> E-STOP
[+  12748.1 ms] [CC ] E-STOP: XPB stale (mask expired)
[+  12748.1 ms] [CC ] STATE -> E-STOP
[+  12748.1 ms] [CC ] E-STOP: XPB stale (mask expired)
[+  12748.1 ms] [CC ] STATE -> E-STOP
[+  12748.1 ms] [CC ] E-STOP: XPB stale (mask expired)
[+  12748.1 ms] [CC ] STATE -> E-STOP
[+  12748.1 ms] [CC ] E-STOP: XPB stale (mask expired)
[+  12748.1 ms] [CC ] STATE -> E-STOP
[+  12748.1 ms] [CC ] E-STOP: XPB stale (mask expired)
[+  12748.1 ms] [CC ] STATE -> E-STOP
[+  12948.2 ms] [CC ] E-STOP: XPB stale (mask expired)
[+  12948.2 ms] [CC ] STATE -> E-STOP
[+  12948.2 ms] [CC ] E-STOP: XPB stale (mask expired)
[+  12948.2 ms] [CC ] STATE -> E-STOP
[+  12948.2 ms] [CC ] E-STOP: XPB stale (mask expired)
[+  12948.2 ms] [CC ] STATE -> E-STOP
[+  12948.2 ms] [CC ] E-STOP: XPB stale (mask expired)
[+  12948.2 ms] [CC ] STATE -> E-STOP
[+  12948.2 ms] [CC ] E-STOP: XPB stale (mask expired)
[+  12948.2 ms] [CC ] STATE -> E-STOP
[+  13153.5 ms] [CC ] E-STOP: XPB stale (mask expired)
[+  13153.5 ms] [CC ] STATE -> E-STOP
[+  13153.5 ms] [CC ] E-STOP: XPB stale (mask expired)
[+  13153.5 ms] [CC ] STATE -> E-STOP
[+  13153.5 ms] [CC ] E-STOP: XPB stale (mask expired)
[+  13153.5 ms] [CC ] STATE -> E-STOP
[+  13153.5 ms] [CC ] E-STOP: XPB stale (mask expired)
[+  13153.5 ms] [CC ] STATE -> E-STOP
[+  13153.5 ms] [CC ] E-STOP: XPB stale (mask expired)
[+  13153.5 ms] [CC ] STATE -> E-STOP
[+  13362.3 ms] [CC ] E-STOP: XPB stale (mask expired)
[+  13362.4 ms] [CC ] STATE -> E-STOP
[+  13362.4 ms] [CC ] E-STOP: XPB stale (mask expired)
[+  13362.4 ms] [CC ] STATE -> E-STOP
[+  13362.4 ms] [CC ] E-STOP: XPB stale (mask expired)
[+  13362.4 ms] [CC ] STATE -> E-STOP
[+  13362.4 ms] [CC ] E-STOP: XPB stale (mask expired)
[+  13362.4 ms] [CC ] STATE -> E-STOP
[+  13362.4 ms] [CC ] E-STOP: XPB stale (mask expired)
[+  13362.4 ms] [CC ] STATE -> E-STOP
[+  13565.5 ms] [CC ] E-STOP: XPB stale (mask expired)
[+  13565.5 ms] [CC ] STATE -> E-STOP
[+  13565.5 ms] [CC ] E-STOP: XPB stale (mask expired)
[+  13565.5 ms] [CC ] STATE -> E-STOP
[+  13565.5 ms] [CC ] E-STOP: XPB stale (mask expired)
[+  13565.5 ms] [CC ] STATE -> E-STOP
[+  13565.5 ms] [CC ] E-STOP: XPB stale (mask expired)
[+  13565.5 ms] [CC ] STATE -> E-STOP
[+  13565.5 ms] [CC ] E-STOP: XPB stale (mask expired)
[+  13565.5 ms] [CC ] STATE -> E-STOP
[+  13766.6 ms] [CC ] E-STOP: XPB stale (mask expired)
[+  13766.6 ms] [CC ] STATE -> E-STOP
[+  13766.6 ms] [CC ] E-STOP: XPB stale (mask expired)
[+  13766.6 ms] [CC ] STATE -> E-STOP
[+  13766.6 ms] [CC ] E-STOP: XPB stale (mask expired)
[+  13766.6 ms] [CC ] STATE -> E-STOP
[+  13766.6 ms] [CC ] E-STOP: XPB stale (mask expired)
[+  13766.6 ms] [CC ] STATE -> E-STOP
[+  13766.6 ms] [CC ] E-STOP: XPB stale (mask expired)
[+  13766.6 ms] [CC ] STATE -> E-STOP
[+  13969.8 ms] [CC ] E-STOP: XPB stale (mask expired)
[+  13969.8 ms] [CC ] STATE -> E-STOP
[+  13969.8 ms] [CC ] E-STOP: XPB stale (mask expired)
[+  13969.8 ms] [CC ] STATE -> E-STOP
[+  13969.8 ms] [CC ] E-STOP: XPB stale (mask expired)
[+  13969.8 ms] [CC ] STATE -> E-STOP
[+  13969.8 ms] [CC ] E-STOP: XPB stale (mask expired)
[+  13969.8 ms] [CC ] STATE -> E-STOP
[+  13969.8 ms] [CC ] E-STOP: XPB stale (mask expired)
[+  13969.8 ms] [CC ] STATE -> E-STOP
[+  14170.2 ms] [CC ] E-STOP: XPB stale (mask expired)
[+  14170.2 ms] [CC ] STATE -> E-STOP
[+  14170.2 ms] [CC ] E-STOP: XPB stale (mask expired)
[+  14170.2 ms] [CC ] STATE -> E-STOP
[+  14170.2 ms] [CC ] E-STOP: XPB stale (mask expired)
[+  14170.2 ms] [CC ] STATE -> E-STOP
[+  14170.2 ms] [CC ] E-STOP: XPB stale (mask expired)
[+  14170.2 ms] [CC ] STATE -> E-STOP
[+  14170.2 ms] [CC ] E-STOP: XPB stale (mask expired)
[+  14170.2 ms] [CC ] STATE -> E-STOP
[+  14373.2 ms] [CC ] E-STOP: XPB stale (mask expired)
[+  14373.2 ms] [CC ] STATE -> E-STOP
[+  14373.2 ms] [CC ] E-STOP: XPB stale (mask expired)
[+  14373.2 ms] [CC ] STATE -> E-STOP
[+  14373.2 ms] [CC ] E-STOP: XPB stale (mask expired)
[+  14373.2 ms] [CC ] STATE -> E-STOP
[+  14373.2 ms] [CC ] E-STOP: XPB stale (mask expired)
[+  14373.2 ms] [CC ] STATE -> E-STOP
[+  14373.2 ms] [CC ] E-STOP: XPB stale (mask expired)
[+  14373.2 ms] [CC ] STATE -> E-STOP
[+  14575.4 ms] [CC ] E-STOP: XPB stale (mask expired)
[+  14575.4 ms] [CC ] STATE -> E-STOP
[+  14575.4 ms] [CC ] E-STOP: XPB stale (mask expired)
[+  14575.4 ms] [CC ] STATE -> E-STOP
[+  14575.5 ms] [CC ] E-STOP: XPB stale (mask expired)
[+  14575.5 ms] [CC ] STATE -> E-STOP
[+  14575.5 ms] [CC ] E-STOP: XPB stale (mask expired)
[+  14575.5 ms] [CC ] STATE -> E-STOP
[+  14575.5 ms] [CC ] E-STOP: XPB stale (mask expired)
[+  14575.5 ms] [CC ] STATE -> E-STOP
[+  14777.4 ms] [CC ] E-STOP: XPB stale (mask expired)
[+  14777.4 ms] [CC ] STATE -> E-STOP
[+  14777.4 ms] [CC ] E-STOP: XPB stale (mask expired)
[+  14777.4 ms] [CC ] STATE -> E-STOP
[+  14777.4 ms] [CC ] E-STOP: XPB stale (mask expired)
[+  14777.4 ms] [CC ] STATE -> E-STOP
[+  14777.4 ms] [CC ] E-STOP: XPB stale (mask expired)
[+  14777.4 ms] [CC ] STATE -> E-STOP
[+  14777.4 ms] [CC ] E-STOP: XPB stale (mask expired)
[+  14777.5 ms] [CC ] STATE -> E-STOP
[+  14979.9 ms] [CC ] E-STOP: XPB stale (mask expired)
[+  14979.9 ms] [CC ] STATE -> E-STOP
[+  14979.9 ms] [CC ] E-STOP: XPB stale (mask expired)
[+  14979.9 ms] [CC ] STATE -> E-STOP
[+  14979.9 ms] [CC ] E-STOP: XPB stale (mask expired)
[+  14979.9 ms] [CC ] STATE -> E-STOP
[+  14979.9 ms] [CC ] E-STOP: XPB stale (mask expired)
[+  14979.9 ms] [CC ] STATE -> E-STOP
[+  14980.0 ms] [CC ] E-STOP: XPB stale (mask expired)
[+  14980.0 ms] [CC ] STATE -> E-STOP
[+  15182.0 ms] [CC ] E-STOP: XPB stale (mask expired)
[+  15182.0 ms] [CC ] STATE -> E-STOP
[+  15182.0 ms] [CC ] E-STOP: XPB stale (mask expired)
[+  15182.0 ms] [CC ] STATE -> E-STOP
[+  15182.1 ms] [CC ] E-STOP: XPB stale (mask expired)
[+  15182.1 ms] [CC ] STATE -> E-STOP
[+  15182.1 ms] [CC ] E-STOP: XPB stale (mask expired)
[+  15182.1 ms] [CC ] STATE -> E-STOP
[+  15182.1 ms] [CC ] E-STOP: XPB stale (mask expired)
[+  15182.1 ms] [CC ] STATE -> E-STOP
[+  15384.1 ms] [CC ] E-STOP: XPB stale (mask expired)
[+  15384.1 ms] [CC ] STATE -> E-STOP
[+  15384.1 ms] [CC ] E-STOP: XPB stale (mask expired)
[+  15384.1 ms] [CC ] STATE -> E-STOP
[+  15384.1 ms] [CC ] E-STOP: XPB stale (mask expired)
[+  15384.1 ms] [CC ] STATE -> E-STOP
[+  15384.1 ms] [CC ] E-STOP: XPB stale (mask expired)
[+  15384.1 ms] [CC ] STATE -> E-STOP
[+  15384.2 ms] [CC ] E-STOP: XPB stale (mask expired)
[+  15384.2 ms] [CC ] STATE -> E-STOP
[+  15586.4 ms] [CC ] E-STOP: XPB stale (mask expired)
[+  15586.5 ms] [CC ] STATE -> E-STOP
[+  15586.5 ms] [CC ] E-STOP: XPB stale (mask expired)
[+  15586.5 ms] [CC ] STATE -> E-STOP
[+  15586.5 ms] [CC ] E-STOP: XPB stale (mask expired)
[+  15586.5 ms] [CC ] STATE -> E-STOP
[+  15586.5 ms] [CC ] E-STOP: XPB stale (mask expired)
[+  15586.5 ms] [CC ] STATE -> E-STOP
[+  15586.5 ms] [CC ] E-STOP: XPB stale (mask expired)
[+  15586.5 ms] [CC ] STATE -> E-STOP
[+  15788.0 ms] [CC ] E-STOP: XPB stale (mask expired)
[+  15788.0 ms] [CC ] STATE -> E-STOP
[+  15788.0 ms] [CC ] E-STOP: XPB stale (mask expired)
[+  15788.0 ms] [CC ] STATE -> E-STOP
[+  15788.0 ms] [CC ] E-STOP: XPB stale (mask expired)
[+  15788.0 ms] [CC ] STATE -> E-STOP
[+  15788.0 ms] [CC ] E-STOP: XPB stale (mask expired)
[+  15788.0 ms] [CC ] STATE -> E-STOP
[+  15788.0 ms] [CC ] E-STOP: XPB stale (mask expired)
[+  15788.0 ms] [CC ] STATE -> E-STOP
[+  15990.6 ms] [CC ] E-STOP: XPB stale (mask expired)
[+  15990.7 ms] [CC ] STATE -> E-STOP
[+  15990.7 ms] [CC ] E-STOP: XPB stale (mask expired)
[+  15990.7 ms] [CC ] STATE -> E-STOP
[+  15990.7 ms] [CC ] E-STOP: XPB stale (mask expired)
[+  15990.7 ms] [CC ] STATE -> E-STOP
[+  15990.7 ms] [CC ] E-STOP: XPB stale (mask expired)
[+  15990.7 ms] [CC ] STATE -> E-STOP
[+  15990.7 ms] [CC ] E-STOP: XPB stale (mask expired)
[+  15990.7 ms] [CC ] STATE -> E-STOP
[+  16193.8 ms] [CC ] E-STOP: XPB stale (mask expired)
[+  16193.8 ms] [CC ] STATE -> E-STOP
[+  16193.8 ms] [CC ] E-STOP: XPB stale (mask expired)
[+  16193.8 ms] [CC ] STATE -> E-STOP
[+  16193.9 ms] [CC ] E-STOP: XPB stale (mask expired)
[+  16193.9 ms] [CC ] STATE -> E-STOP
[+  16193.9 ms] [CC ] E-STOP: XPB stale (mask expired)
[+  16193.9 ms] [CC ] STATE -> E-STOP
[+  16193.9 ms] [CC ] E-STOP: XPB stale (mask expired)
[+  16193.9 ms] [CC ] STATE -> E-STOP
[+  16396.0 ms] [CC ] E-STOP: XPB stale (mask expired)
[+  16396.0 ms] [CC ] STATE -> E-STOP
[+  16396.0 ms] [CC ] E-STOP: XPB stale (mask expired)
[+  16396.0 ms] [CC ] STATE -> E-STOP
[+  16396.0 ms] [CC ] E-STOP: XPB stale (mask expired)
[+  16396.0 ms] [CC ] STATE -> E-STOP
[+  16396.0 ms] [CC ] E-STOP: XPB stale (mask expired)
[+  16396.0 ms] [CC ] STATE -> E-STOP
[+  16396.0 ms] [CC ] E-STOP: XPB stale (mask expired)
[+  16396.0 ms] [CC ] STATE -> E-STOP
[+  16597.0 ms] [CC ] E-STOP: XPB stale (mask expired)
[+  16597.1 ms] [CC ] STATE -> E-STOP
[+  16597.1 ms] [CC ] E-STOP: XPB stale (mask expired)
[+  16597.1 ms] [CC ] STATE -> E-STOP
[+  16597.1 ms] [CC ] E-STOP: XPB stale (mask expired)
[+  16597.1 ms] [CC ] STATE -> E-STOP
[+  16597.1 ms] [CC ] E-STOP: XPB stale (mask expired)
[+  16597.1 ms] [CC ] STATE -> E-STOP
[+  16597.1 ms] [CC ] E-STOP: XPB stale (mask expired)
[+  16597.1 ms] [CC ] STATE -> E-STOP
[+  16800.5 ms] [CC ] E-STOP: XPB stale (mask expired)
[+  16800.5 ms] [CC ] STATE -> E-STOP
[+  16800.5 ms] [CC ] E-STOP: XPB stale (mask expired)
[+  16800.5 ms] [CC ] STATE -> E-STOP
[+  16800.5 ms] [CC ] E-STOP: XPB stale (mask expired)
[+  16800.5 ms] [CC ] STATE -> E-STOP
[+  16800.5 ms] [CC ] E-STOP: XPB stale (mask expired)
[+  16800.5 ms] [CC ] STATE -> E-STOP
[+  16800.5 ms] [CC ] E-STOP: XPB stale (mask expired)
[+  16800.5 ms] [CC ] STATE -> E-STOP
[+  17002.2 ms] [CC ] E-STOP: XPB stale (mask expired)
[+  17002.2 ms] [CC ] STATE -> E-STOP
[+  17002.2 ms] [CC ] E-STOP: XPB stale (mask expired)
[+  17002.2 ms] [CC ] STATE -> E-STOP
[+  17002.2 ms] [CC ] E-STOP: XPB stale (mask expired)
[+  17002.2 ms] [CC ] STATE -> E-STOP
[+  17002.2 ms] [CC ] E-STOP: XPB stale (mask expired)
[+  17002.2 ms] [CC ] STATE -> E-STOP
[+  17002.2 ms] [CC ] E-STOP: XPB stale (mask expired)
[+  17002.2 ms] [CC ] STATE -> E-STOP
[+  17203.3 ms] [CC ] E-STOP: XPB stale (mask expired)
[+  17203.3 ms] [CC ] STATE -> E-STOP
[+  17203.3 ms] [CC ] E-STOP: XPB stale (mask expired)
[+  17203.3 ms] [CC ] STATE -> E-STOP
[+  17203.3 ms] [CC ] E-STOP: XPB stale (mask expired)
[+  17203.3 ms] [CC ] STATE -> E-STOP
[+  17203.3 ms] [CC ] E-STOP: XPB stale (mask expired)
[+  17203.3 ms] [CC ] STATE -> E-STOP
[+  17203.3 ms] [CC ] E-STOP: XPB stale (mask expired)
[+  17203.3 ms] [CC ] STATE -> E-STOP
[+  17406.0 ms] [CC ] E-STOP: XPB stale (mask expired)
[+  17406.0 ms] [CC ] STATE -> E-STOP
[+  17406.0 ms] [CC ] E-STOP: XPB stale (mask expired)
[+  17406.0 ms] [CC ] STATE -> E-STOP
[+  17406.0 ms] [CC ] E-STOP: XPB stale (mask expired)
[+  17406.0 ms] [CC ] STATE -> E-STOP
[+  17406.0 ms] [CC ] E-STOP: XPB stale (mask expired)
[+  17406.0 ms] [CC ] STATE -> E-STOP
[+  17406.0 ms] [CC ] E-STOP: XPB stale (mask expired)
[+  17406.0 ms] [CC ] STATE -> E-STOP
[+  17608.3 ms] [CC ] E-STOP: XPB stale (mask expired)
[+  17608.4 ms] [CC ] STATE -> E-STOP
[+  17608.4 ms] [CC ] E-STOP: XPB stale (mask expired)
[+  17608.4 ms] [CC ] STATE -> E-STOP
[+  17608.4 ms] [CC ] E-STOP: XPB stale (mask expired)
[+  17608.4 ms] [CC ] STATE -> E-STOP
[+  17608.4 ms] [CC ] E-STOP: XPB stale (mask expired)
[+  17608.4 ms] [CC ] STATE -> E-STOP
[+  17608.4 ms] [CC ] E-STOP: XPB stale (mask expired)
[+  17608.4 ms] [CC ] STATE -> E-STOP
[+  17811.5 ms] [CC ] E-STOP: XPB stale (mask expired)
[+  17811.5 ms] [CC ] STATE -> E-STOP
[+  17811.5 ms] [CC ] E-STOP: XPB stale (mask expired)
[+  17811.5 ms] [CC ] STATE -> E-STOP
[+  17811.5 ms] [CC ] E-STOP: XPB stale (mask expired)
[+  17811.5 ms] [CC ] STATE -> E-STOP
[+  17811.5 ms] [CC ] E-STOP: XPB stale (mask expired)
[+  17811.5 ms] [CC ] STATE -> E-STOP
[+  17811.5 ms] [CC ] E-STOP: XPB stale (mask expired)
[+  17811.5 ms] [CC ] STATE -> E-STOP
[+  18013.6 ms] [CC ] E-STOP: XPB stale (mask expired)
[+  18013.6 ms] [CC ] STATE -> E-STOP
[+  18013.6 ms] [CC ] E-STOP: XPB stale (mask expired)
[+  18013.6 ms] [CC ] STATE -> E-STOP
[+  18013.6 ms] [CC ] E-STOP: XPB stale (mask expired)
[+  18013.7 ms] [CC ] STATE -> E-STOP
[+  18013.7 ms] [CC ] E-STOP: XPB stale (mask expired)
[+  18013.7 ms] [CC ] STATE -> E-STOP
[+  18013.7 ms] [CC ] E-STOP: XPB stale (mask expired)
[+  18013.7 ms] [CC ] STATE -> E-STOP
[+  18215.8 ms] [CC ] E-STOP: XPB stale (mask expired)
[+  18215.8 ms] [CC ] STATE -> E-STOP
[+  18215.8 ms] [CC ] E-STOP: XPB stale (mask expired)
[+  18215.8 ms] [CC ] STATE -> E-STOP
[+  18215.8 ms] [CC ] E-STOP: XPB stale (mask expired)
[+  18215.8 ms] [CC ] STATE -> E-STOP
[+  18215.8 ms] [CC ] E-STOP: XPB stale (mask expired)
[+  18215.8 ms] [CC ] STATE -> E-STOP
[+  18215.8 ms] [CC ] E-STOP: XPB stale (mask expired)
[+  18215.8 ms] [CC ] STATE -> E-STOP
[+  18417.1 ms] [CC ] E-STOP: XPB stale (mask expired)
[+  18417.1 ms] [CC ] STATE -> E-STOP
[+  18417.1 ms] [CC ] E-STOP: XPB stale (mask expired)
[+  18417.1 ms] [CC ] STATE -> E-STOP
[+  18417.1 ms] [CC ] E-STOP: XPB stale (mask expired)
[+  18417.1 ms] [CC ] STATE -> E-STOP
[+  18417.2 ms] [CC ] E-STOP: XPB stale (mask expired)
[+  18417.2 ms] [CC ] STATE -> E-STOP
[+  18417.2 ms] [CC ] E-STOP: XPB stale (mask expired)
[+  18417.2 ms] [CC ] STATE -> E-STOP
[+  18613.1 ms] [CC ] E-STOP: XPB stale (mask expired)
[+  18613.2 ms] [CC ] STATE -> E-STOP
[+  18613.2 ms] [CC ] E-STOP: XPB stale (mask expired)
[+  18613.2 ms] [CC ] STATE -> E-STOP
[+  18613.2 ms] [CC ] E-STOP: XPB stale (mask expired)
[+  18613.2 ms] [CC ] STATE -> E-STOP
[+  18613.2 ms] [CC ] E-STOP: XPB stale (mask expired)
[+  18613.2 ms] [CC ] STATE -> E-STOP
[+  18613.2 ms] [CC ] E-STOP: XPB stale (mask expired)
[+  18613.2 ms] [CC ] STATE -> E-STOP
[+  18820.9 ms] [CC ] E-STOP: XPB stale (mask expired)
[+  18820.9 ms] [CC ] STATE -> E-STOP
[+  18820.9 ms] [CC ] E-STOP: XPB stale (mask expired)
[+  18820.9 ms] [CC ] STATE -> E-STOP
[+  18820.9 ms] [CC ] E-STOP: XPB stale (mask expired)
[+  18820.9 ms] [CC ] STATE -> E-STOP
[+  18820.9 ms] [CC ] E-STOP: XPB stale (mask expired)
[+  18820.9 ms] [CC ] STATE -> E-STOP
[+  18820.9 ms] [CC ] E-STOP: XPB stale (mask expired)
[+  18821.0 ms] [CC ] STATE -> E-STOP
[+  19023.6 ms] [CC ] E-STOP: XPB stale (mask expired)
[+  19023.6 ms] [CC ] STATE -> E-STOP
[+  19023.6 ms] [CC ] E-STOP: XPB stale (mask expired)
[+  19023.6 ms] [CC ] STATE -> E-STOP
[+  19023.6 ms] [CC ] E-STOP: XPB stale (mask expired)
[+  19023.6 ms] [CC ] STATE -> E-STOP
[+  19023.6 ms] [CC ] E-STOP: XPB stale (mask expired)
[+  19023.6 ms] [CC ] STATE -> E-STOP
[+  19023.6 ms] [CC ] E-STOP: XPB stale (mask expired)
[+  19023.6 ms] [CC ] STATE -> E-STOP
[+  19226.1 ms] [CC ] E-STOP: XPB stale (mask expired)
[+  19226.1 ms] [CC ] STATE -> E-STOP
[+  19226.1 ms] [CC ] E-STOP: XPB stale (mask expired)
[+  19226.1 ms] [CC ] STATE -> E-STOP
[+  19226.1 ms] [CC ] E-STOP: XPB stale (mask expired)
[+  19226.1 ms] [CC ] STATE -> E-STOP
[+  19226.1 ms] [CC ] E-STOP: XPB stale (mask expired)
[+  19226.1 ms] [CC ] STATE -> E-STOP
[+  19226.1 ms] [CC ] E-STOP: XPB stale (mask expired)
[+  19226.1 ms] [CC ] STATE -> E-STOP
[+  19427.5 ms] [CC ] E-STOP: XPB stale (mask expired)
[+  19427.5 ms] [CC ] STATE -> E-STOP
[+  19427.5 ms] [CC ] E-STOP: XPB stale (mask expired)
[+  19427.5 ms] [CC ] STATE -> E-STOP
[+  19427.5 ms] [CC ] E-STOP: XPB stale (mask expired)
[+  19427.5 ms] [CC ] STATE -> E-STOP
[+  19427.5 ms] [CC ] E-STOP: XPB stale (mask expired)
[+  19427.5 ms] [CC ] STATE -> E-STOP
[+  19427.5 ms] [CC ] E-STOP: XPB stale (mask expired)
[+  19427.5 ms] [CC ] STATE -> E-STOP
[+  19630.1 ms] [CC ] E-STOP: XPB stale (mask expired)
[+  19630.1 ms] [CC ] STATE -> E-STOP
[+  19630.1 ms] [CC ] E-STOP: XPB stale (mask expired)
[+  19630.1 ms] [CC ] STATE -> E-STOP
[+  19630.1 ms] [CC ] E-STOP: XPB stale (mask expired)
[+  19630.1 ms] [CC ] STATE -> E-STOP
[+  19630.1 ms] [CC ] E-STOP: XPB stale (mask expired)
[+  19630.1 ms] [CC ] STATE -> E-STOP
[+  19630.1 ms] [CC ] E-STOP: XPB stale (mask expired)
[+  19630.1 ms] [CC ] STATE -> E-STOP
[+  19832.3 ms] [CC ] E-STOP: XPB stale (mask expired)
[+  19832.3 ms] [CC ] STATE -> E-STOP
[+  19832.4 ms] [CC ] E-STOP: XPB stale (mask expired)
[+  19832.4 ms] [CC ] STATE -> E-STOP
[+  19832.4 ms] [CC ] E-STOP: XPB stale (mask expired)
[+  19832.4 ms] [CC ] STATE -> E-STOP
[+  19832.4 ms] [CC ] E-STOP: XPB stale (mask expired)
[+  19832.4 ms] [CC ] STATE -> E-STOP
[+  19832.4 ms] [CC ] E-STOP: XPB stale (mask expired)
[+  19832.4 ms] [CC ] STATE -> E-STOP
[+  20035.2 ms] [CC ] E-STOP: XPB stale (mask expired)
[+  20035.3 ms] [CC ] STATE -> E-STOP
[+  20035.3 ms] [CC ] E-STOP: XPB stale (mask expired)
[+  20035.3 ms] [CC ] STATE -> E-STOP
[+  20035.3 ms] [CC ] E-STOP: XPB stale (mask expired)
[+  20035.3 ms] [CC ] STATE -> E-STOP
[+  20035.3 ms] [CC ] E-STOP: XPB stale (mask expired)
[+  20035.3 ms] [CC ] STATE -> E-STOP
[+  20035.3 ms] [CC ] E-STOP: XPB stale (mask expired)
[+  20035.3 ms] [CC ] STATE -> E-STOP
[+  20236.2 ms] [CC ] E-STOP: XPB stale (mask expired)
[+  20236.2 ms] [CC ] STATE -> E-STOP
[+  20236.2 ms] [CC ] E-STOP: XPB stale (mask expired)
[+  20236.2 ms] [CC ] STATE -> E-STOP
[+  20236.2 ms] [CC ] E-STOP: XPB stale (mask expired)
[+  20236.2 ms] [CC ] STATE -> E-STOP
[+  20236.2 ms] [CC ] E-STOP: XPB stale (mask expired)
[+  20236.2 ms] [CC ] STATE -> E-STOP
[+  20236.2 ms] [CC ] E-STOP: XPB stale (mask expired)
[+  20236.2 ms] [CC ] STATE -> E-STOP
[+  20438.8 ms] [CC ] E-STOP: XPB stale (mask expired)
[+  20438.8 ms] [CC ] STATE -> E-STOP
[+  20438.8 ms] [CC ] E-STOP: XPB stale (mask expired)
[+  20438.8 ms] [CC ] STATE -> E-STOP
[+  20438.8 ms] [CC ] E-STOP: XPB stale (mask expired)
[+  20438.8 ms] [CC ] STATE -> E-STOP
[+  20438.8 ms] [CC ] E-STOP: XPB stale (mask expired)
[+  20438.8 ms] [CC ] STATE -> E-STOP
[+  20438.8 ms] [CC ] E-STOP: XPB stale (mask expired)
[+  20438.8 ms] [CC ] STATE -> E-STOP
[+  20640.7 ms] [CC ] E-STOP: XPB stale (mask expired)
[+  20640.7 ms] [CC ] STATE -> E-STOP
[+  20640.7 ms] [CC ] E-STOP: XPB stale (mask expired)
[+  20640.7 ms] [CC ] STATE -> E-STOP
[+  20640.7 ms] [CC ] E-STOP: XPB stale (mask expired)
[+  20640.7 ms] [CC ] STATE -> E-STOP
[+  20640.7 ms] [CC ] E-STOP: XPB stale (mask expired)
[+  20640.7 ms] [CC ] STATE -> E-STOP
[+  20640.7 ms] [CC ] E-STOP: XPB stale (mask expired)
[+  20640.7 ms] [CC ] STATE -> E-STOP
[+  20843.3 ms] [CC ] E-STOP: XPB stale (mask expired)
[+  20843.3 ms] [CC ] STATE -> E-STOP
[+  20843.4 ms] [CC ] E-STOP: XPB stale (mask expired)
[+  20843.4 ms] [CC ] STATE -> E-STOP
[+  20843.4 ms] [CC ] E-STOP: XPB stale (mask expired)
[+  20843.4 ms] [CC ] STATE -> E-STOP
[+  20843.4 ms] [CC ] E-STOP: XPB stale (mask expired)
[+  20843.4 ms] [CC ] STATE -> E-STOP
[+  20843.4 ms] [CC ] E-STOP: XPB stale (mask expired)
[+  20843.4 ms] [CC ] STATE -> E-STOP
[+  21044.9 ms] [CC ] E-STOP: XPB stale (mask expired)
[+  21044.9 ms] [CC ] STATE -> E-STOP
[+  21044.9 ms] [CC ] E-STOP: XPB stale (mask expired)
[+  21044.9 ms] [CC ] STATE -> E-STOP
[+  21044.9 ms] [CC ] E-STOP: XPB stale (mask expired)
[+  21044.9 ms] [CC ] STATE -> E-STOP
[+  21044.9 ms] [CC ] E-STOP: XPB stale (mask expired)
[+  21044.9 ms] [CC ] STATE -> E-STOP
[+  21044.9 ms] [CC ] E-STOP: XPB stale (mask expired)
[+  21044.9 ms] [CC ] STATE -> E-STOP
[+  21247.1 ms] [CC ] E-STOP: XPB stale (mask expired)
[+  21247.1 ms] [CC ] STATE -> E-STOP
[+  21247.1 ms] [CC ] E-STOP: XPB stale (mask expired)
[+  21247.1 ms] [CC ] STATE -> E-STOP
[+  21247.1 ms] [CC ] E-STOP: XPB stale (mask expired)
[+  21247.1 ms] [CC ] STATE -> E-STOP
[+  21247.1 ms] [CC ] E-STOP: XPB stale (mask expired)
[+  21247.1 ms] [CC ] STATE -> E-STOP
[+  21247.1 ms] [CC ] E-STOP: XPB stale (mask expired)
[+  21247.1 ms] [CC ] STATE -> E-STOP
[+  21449.3 ms] [CC ] E-STOP: XPB stale (mask expired)
[+  21449.3 ms] [CC ] STATE -> E-STOP
[+  21449.3 ms] [CC ] E-STOP: XPB stale (mask expired)
[+  21449.3 ms] [CC ] STATE -> E-STOP
[+  21449.3 ms] [CC ] E-STOP: XPB stale (mask expired)
[+  21449.3 ms] [CC ] STATE -> E-STOP
[+  21449.3 ms] [CC ] E-STOP: XPB stale (mask expired)
[+  21449.3 ms] [CC ] STATE -> E-STOP
[+  21449.3 ms] [CC ] E-STOP: XPB stale (mask expired)
[+  21449.3 ms] [CC ] STATE -> E-STOP
[+  21652.3 ms] [CC ] E-STOP: XPB stale (mask expired)
[+  21652.4 ms] [CC ] STATE -> E-STOP
[+  21652.4 ms] [CC ] E-STOP: XPB stale (mask expired)
[+  21652.4 ms] [CC ] STATE -> E-STOP
[+  21652.4 ms] [CC ] E-STOP: XPB stale (mask expired)
[+  21652.4 ms] [CC ] STATE -> E-STOP
[+  21652.4 ms] [CC ] E-STOP: XPB stale (mask expired)
[+  21652.4 ms] [CC ] STATE -> E-STOP
[+  21652.4 ms] [CC ] E-STOP: XPB stale (mask expired)
[+  21652.4 ms] [CC ] STATE -> E-STOP
[+  21853.7 ms] [CC ] E-STOP: XPB stale (mask expired)
[+  21853.7 ms] [CC ] STATE -> E-STOP
[+  21853.7 ms] [CC ] E-STOP: XPB stale (mask expired)
[+  21853.7 ms] [CC ] STATE -> E-STOP
[+  21853.7 ms] [CC ] E-STOP: XPB stale (mask expired)
[+  21853.7 ms] [CC ] STATE -> E-STOP
[+  21853.8 ms] [CC ] E-STOP: XPB stale (mask expired)
[+  21853.8 ms] [CC ] STATE -> E-STOP
[+  21853.8 ms] [CC ] E-STOP: XPB stale (mask expired)
[+  21853.8 ms] [CC ] STATE -> E-STOP
[+  22052.6 ms] [CC ] E-STOP: XPB stale (mask expired)
[+  22052.6 ms] [CC ] STATE -> E-STOP
[+  22052.6 ms] [CC ] E-STOP: XPB stale (mask expired)
[+  22052.6 ms] [CC ] STATE -> E-STOP
[+  22052.6 ms] [CC ] E-STOP: XPB stale (mask expired)
[+  22052.7 ms] [CC ] STATE -> E-STOP
[+  22052.7 ms] [CC ] E-STOP: XPB stale (mask expired)
[+  22052.7 ms] [CC ] STATE -> E-STOP
[+  22052.7 ms] [CC ] E-STOP: XPB stale (mask expired)
[+  22052.7 ms] [CC ] STATE -> E-STOP
[+  22259.2 ms] [CC ] E-STOP: XPB stale (mask expired)
[+  22259.2 ms] [CC ] STATE -> E-STOP
[+  22259.2 ms] [CC ] E-STOP: XPB stale (mask expired)
[+  22259.2 ms] [CC ] STATE -> E-STOP
[+  22259.2 ms] [CC ] E-STOP: XPB stale (mask expired)
[+  22259.2 ms] [CC ] STATE -> E-STOP
[+  22259.2 ms] [CC ] E-STOP: XPB stale (mask expired)
[+  22259.2 ms] [CC ] STATE -> E-STOP
[+  22259.2 ms] [CC ] E-STOP: XPB stale (mask expired)
[+  22259.2 ms] [CC ] STATE -> E-STOP
[+  22456.2 ms] [CC ] E-STOP: XPB stale (mask expired)
[+  22456.3 ms] [CC ] STATE -> E-STOP
[+  22456.3 ms] [CC ] E-STOP: XPB stale (mask expired)
[+  22456.3 ms] [CC ] STATE -> E-STOP
[+  22456.3 ms] [CC ] E-STOP: XPB stale (mask expired)
[+  22456.3 ms] [CC ] STATE -> E-STOP
[+  22456.3 ms] [CC ] E-STOP: XPB stale (mask expired)
[+  22456.3 ms] [CC ] STATE -> E-STOP
[+  22456.3 ms] [CC ] E-STOP: XPB stale (mask expired)
[+  22456.3 ms] [CC ] STATE -> E-STOP
[+  22663.8 ms] [CC ] E-STOP: XPB stale (mask expired)
[+  22663.9 ms] [CC ] STATE -> E-STOP
[+  22663.9 ms] [CC ] E-STOP: XPB stale (mask expired)
[+  22663.9 ms] [CC ] STATE -> E-STOP
[+  22663.9 ms] [CC ] E-STOP: XPB stale (mask expired)
[+  22663.9 ms] [CC ] STATE -> E-STOP
[+  22663.9 ms] [CC ] E-STOP: XPB stale (mask expired)
[+  22663.9 ms] [CC ] STATE -> E-STOP
[+  22663.9 ms] [CC ] E-STOP: XPB stale (mask expired)
[+  22663.9 ms] [CC ] STATE -> E-STOP
[+  22865.8 ms] [CC ] E-STOP: XPB stale (mask expired)
[+  22865.8 ms] [CC ] STATE -> E-STOP
[+  22865.8 ms] [CC ] E-STOP: XPB stale (mask expired)
[+  22865.8 ms] [CC ] STATE -> E-STOP
[+  22865.8 ms] [CC ] E-STOP: XPB stale (mask expired)
[+  22865.8 ms] [CC ] STATE -> E-STOP
[+  22865.8 ms] [CC ] E-STOP: XPB stale (mask expired)
[+  22865.8 ms] [CC ] STATE -> E-STOP
[+  22865.9 ms] [CC ] E-STOP: XPB stale (mask expired)
[+  22865.9 ms] [CC ] STATE -> E-STOP
[+  23067.2 ms] [CC ] E-STOP: XPB stale (mask expired)
[+  23067.2 ms] [CC ] STATE -> E-STOP
[+  23067.2 ms] [CC ] E-STOP: XPB stale (mask expired)
[+  23067.2 ms] [CC ] STATE -> E-STOP
[+  23067.2 ms] [CC ] E-STOP: XPB stale (mask expired)
[+  23067.2 ms] [CC ] STATE -> E-STOP
[+  23067.2 ms] [CC ] E-STOP: XPB stale (mask expired)
[+  23067.2 ms] [CC ] STATE -> E-STOP
[+  23067.2 ms] [CC ] E-STOP: XPB stale (mask expired)
[+  23067.2 ms] [CC ] STATE -> E-STOP
[+  23268.9 ms] [CC ] E-STOP: XPB stale (mask expired)
[+  23268.9 ms] [CC ] STATE -> E-STOP
[+  23268.9 ms] [CC ] E-STOP: XPB stale (mask expired)
[+  23268.9 ms] [CC ] STATE -> E-STOP
[+  23268.9 ms] [CC ] E-STOP: XPB stale (mask expired)
[+  23268.9 ms] [CC ] STATE -> E-STOP
[+  23268.9 ms] [CC ] E-STOP: XPB stale (mask expired)
[+  23268.9 ms] [CC ] STATE -> E-STOP
[+  23268.9 ms] [CC ] E-STOP: XPB stale (mask expired)
[+  23268.9 ms] [CC ] STATE -> E-STOP
[+  23471.5 ms] [CC ] E-STOP: XPB stale (mask expired)
[+  23471.5 ms] [CC ] STATE -> E-STOP
[+  23471.5 ms] [CC ] E-STOP: XPB stale (mask expired)
[+  23471.5 ms] [CC ] STATE -> E-STOP
[+  23471.5 ms] [CC ] E-STOP: XPB stale (mask expired)
[+  23471.5 ms] [CC ] STATE -> E-STOP
[+  23471.5 ms] [CC ] E-STOP: XPB stale (mask expired)
[+  23471.5 ms] [CC ] STATE -> E-STOP
[+  23471.5 ms] [CC ] E-STOP: XPB stale (mask expired)
[+  23471.5 ms] [CC ] STATE -> E-STOP
[+  23673.9 ms] [CC ] E-STOP: XPB stale (mask expired)
[+  23673.9 ms] [CC ] STATE -> E-STOP
[+  23673.9 ms] [CC ] E-STOP: XPB stale (mask expired)
[+  23673.9 ms] [CC ] STATE -> E-STOP
[+  23673.9 ms] [CC ] E-STOP: XPB stale (mask expired)
[+  23673.9 ms] [CC ] STATE -> E-STOP
[+  23673.9 ms] [CC ] E-STOP: XPB stale (mask expired)
[+  23673.9 ms] [CC ] STATE -> E-STOP
[+  23673.9 ms] [CC ] E-STOP: XPB stale (mask expired)
[+  23673.9 ms] [CC ] STATE -> E-STOP
[+  23875.9 ms] [CC ] E-STOP: XPB stale (mask expired)
[+  23875.9 ms] [CC ] STATE -> E-STOP
[+  23875.9 ms] [CC ] E-STOP: XPB stale (mask expired)
[+  23875.9 ms] [CC ] STATE -> E-STOP
[+  23875.9 ms] [CC ] E-STOP: XPB stale (mask expired)
[+  23875.9 ms] [CC ] STATE -> E-STOP
[+  23875.9 ms] [CC ] E-STOP: XPB stale (mask expired)
[+  23875.9 ms] [CC ] STATE -> E-STOP
[+  23875.9 ms] [CC ] E-STOP: XPB stale (mask expired)
[+  23875.9 ms] [CC ] STATE -> E-STOP
[+  24077.7 ms] [CC ] E-STOP: XPB stale (mask expired)
[+  24077.7 ms] [CC ] STATE -> E-STOP
[+  24077.7 ms] [CC ] E-STOP: XPB stale (mask expired)
[+  24077.7 ms] [CC ] STATE -> E-STOP
[+  24077.7 ms] [CC ] E-STOP: XPB stale (mask expired)
[+  24077.7 ms] [CC ] STATE -> E-STOP
[+  24077.7 ms] [CC ] E-STOP: XPB stale (mask expired)
[+  24077.7 ms] [CC ] STATE -> E-STOP
[+  24077.7 ms] [CC ] E-STOP: XPB stale (mask expired)
[+  24077.7 ms] [CC ] STATE -> E-STOP
[+  24281.0 ms] [CC ] E-STOP: XPB stale (mask expired)
[+  24281.0 ms] [CC ] STATE -> E-STOP
[+  24281.0 ms] [CC ] E-STOP: XPB stale (mask expired)
[+  24281.0 ms] [CC ] STATE -> E-STOP
[+  24281.0 ms] [CC ] E-STOP: XPB stale (mask expired)
[+  24281.0 ms] [CC ] STATE -> E-STOP
[+  24281.0 ms] [CC ] E-STOP: XPB stale (mask expired)
[+  24281.0 ms] [CC ] STATE -> E-STOP
[+  24281.0 ms] [CC ] E-STOP: XPB stale (mask expired)
[+  24281.1 ms] [CC ] STATE -> E-STOP
[+  24482.6 ms] [CC ] E-STOP: XPB stale (mask expired)
[+  24482.6 ms] [CC ] STATE -> E-STOP
[+  24482.6 ms] [CC ] E-STOP: XPB stale (mask expired)
[+  24482.6 ms] [CC ] STATE -> E-STOP
[+  24482.6 ms] [CC ] E-STOP: XPB stale (mask expired)
[+  24482.6 ms] [CC ] STATE -> E-STOP
[+  24482.6 ms] [CC ] E-STOP: XPB stale (mask expired)
[+  24482.6 ms] [CC ] STATE -> E-STOP
[+  24482.6 ms] [CC ] E-STOP: XPB stale (mask expired)
[+  24482.6 ms] [CC ] STATE -> E-STOP
[+  24684.7 ms] [CC ] E-STOP: XPB stale (mask expired)
[+  24684.8 ms] [CC ] STATE -> E-STOP
[+  24684.8 ms] [CC ] E-STOP: XPB stale (mask expired)
[+  24684.8 ms] [CC ] STATE -> E-STOP
[+  24684.8 ms] [CC ] E-STOP: XPB stale (mask expired)
[+  24684.8 ms] [CC ] STATE -> E-STOP
[+  24684.8 ms] [CC ] E-STOP: XPB stale (mask expired)
[+  24684.8 ms] [CC ] STATE -> E-STOP
[+  24684.8 ms] [CC ] E-STOP: XPB stale (mask expired)
[+  24684.8 ms] [CC ] STATE -> E-STOP
[+  24884.7 ms] [CC ] E-STOP: XPB stale (mask expired)
[+  24884.7 ms] [CC ] STATE -> E-STOP
[+  24884.8 ms] [CC ] E-STOP: XPB stale (mask expired)
[+  24884.8 ms] [CC ] STATE -> E-STOP
[+  24884.8 ms] [CC ] E-STOP: XPB stale (mask expired)
[+  24884.8 ms] [CC ] STATE -> E-STOP
[+  24884.8 ms] [CC ] E-STOP: XPB stale (mask expired)
[+  24884.8 ms] [CC ] STATE -> E-STOP
[+  24884.8 ms] [CC ] E-STOP: XPB stale (mask expired)
[+  24884.8 ms] [CC ] STATE -> E-STOP
[+  25085.5 ms] [CC ] E-STOP: XPB stale (mask expired)
[+  25085.5 ms] [CC ] STATE -> E-STOP
[+  25085.5 ms] [CC ] E-STOP: XPB stale (mask expired)
[+  25085.5 ms] [CC ] STATE -> E-STOP
[+  25085.5 ms] [CC ] E-STOP: XPB stale (mask expired)
[+  25085.5 ms] [CC ] STATE -> E-STOP
[+  25085.5 ms] [CC ] E-STOP: XPB stale (mask expired)
[+  25085.5 ms] [CC ] STATE -> E-STOP
[+  25085.6 ms] [CC ] E-STOP: XPB stale (mask expired)
[+  25085.6 ms] [CC ] STATE -> E-STOP
[+  25291.3 ms] [CC ] E-STOP: XPB stale (mask expired)
[+  25291.3 ms] [CC ] STATE -> E-STOP
[+  25291.3 ms] [CC ] E-STOP: XPB stale (mask expired)
[+  25291.3 ms] [CC ] STATE -> E-STOP
[+  25291.3 ms] [CC ] E-STOP: XPB stale (mask expired)
[+  25291.3 ms] [CC ] STATE -> E-STOP
[+  25291.3 ms] [CC ] E-STOP: XPB stale (mask expired)
[+  25291.3 ms] [CC ] STATE -> E-STOP
[+  25291.3 ms] [CC ] E-STOP: XPB stale (mask expired)
[+  25291.3 ms] [CC ] STATE -> E-STOP
